Microsoft (R) Macro Assembler Version 6.11		    03/07/20 14:49:02
tempfile.asm						     Page 1 - 1


 0000				DATAS SEGMENT
 0000  57 65 6C 63 6F 6D	    db 'Welcome to masm!'
       65 20 74 6F 20 6D
       61 73 6D 21
 0010  48 65 6C 6C 6F 20	    db 'Hello World'
       57 6F 72 6C 64
 001B				DATAS ENDS

 0000				CODES SEGMENT
				    ASSUME CS:CODES,DS:DATAS
 0000				START:
 0000  B8 ---- R		    mov ax,datas
 0003  8E D8			    mov ds,ax
 0005  33 F6			    xor si,si
 0007  B6 08			    MOV dh,8
 0009  B2 03			    MOV dl,3
 000B  B1 02			    mov cl,2
 000D  E8 0012			    call show_str
 0010  B6 09				mov dh,9
 0012  B2 03				mov dl,3
 0014  8E D8				mov ds,ax
 0016  83 C0 01				add ax,1
 0019  8E D8				mov ds,ax
 001B  E8 0004				call show_str
					
 001E  B4 4C			    MOV AH,4CH
 0020  CD 21			    INT 21H
				    
 0022				    show_str:
 0022  06			   	push es
 0023  51			   	push cx
 0024  50			   	push ax
 0025  56			   	push si
 0026  1E			   	push ds
 0027  53			   	push bx
				   	
 0028  BB B800			   	mov bx,0b800h
 002B  8E C3			   	mov es,bx
 002D  B0 A0			   	mov al,160
 002F  F6 E6			   	mul dh
 0031  8B D8			  	mov bx,ax
 0033  FE CA			   	dec dl
 0035  02 D2			   	add dl,dl
 0037  32 F6			   	xor dh,dh
 0039  03 DA			   	add bx,dx
 003B  8A D1			   	mov dl,cl
 003D  33 FF			   	xor di,di
 003F  33 F6			   	xor si,si
				   	
 0041  B9 0010			   	mov cx,16
				   	
 0044  8A 05			   	s:mov al,ds:[di]
 0046  26: 88 00		   	mov es:[bx+si],al
 0049  26: 88 50 01		   	mov es:[bx+si+1],dl
 004D  83 C6 02			   	add si,2
 0050  47			   	inc di
 0051  E2 F1			   	loop s
				   	
				   	
 0053  5B			   	pop bx
 0054  1F			   	pop ds
 0055  5E			   	pop si
 0056  58			   	pop ax
 0057  59			   	pop cx
 0058  07			   	pop es
 0059  C3			   	ret
				   	

 005A				CODES ENDS
				    END START




Microsoft (R) Macro Assembler Version 6.11		    03/07/20 14:49:02
tempfile.asm						     Symbols 2 - 1




Segments and Groups:

                N a m e                 Size     Length   Align   Combine Class

CODES  . . . . . . . . . . . . .	16 Bit	 005A	  Para	  Private 
DATAS  . . . . . . . . . . . . .	16 Bit	 001B	  Para	  Private 


Symbols:

                N a m e                 Type     Value    Attr

START  . . . . . . . . . . . . .	L Near	 0000	  CODES	
show_str . . . . . . . . . . . .	L Near	 0022	  CODES	
s  . . . . . . . . . . . . . . .	L Near	 0044	  CODES	

	   0 Warnings
	   0 Errors
